Archive member included to satisfy reference by file (symbol)

c:/ac6/systemworkbench/plugins/fr.ac6.mcu.externaltools.arm-none.win32_1.13.2.201703061525/tools/compiler/bin/../lib/gcc/arm-none-eabi/5.4.1/../../../../arm-none-eabi/lib/armv7-m\libc.a(lib_a-errno.o)
                              src/syscalls.o (__errno)
c:/ac6/systemworkbench/plugins/fr.ac6.mcu.externaltools.arm-none.win32_1.13.2.201703061525/tools/compiler/bin/../lib/gcc/arm-none-eabi/5.4.1/../../../../arm-none-eabi/lib/armv7-m\libc.a(lib_a-exit.o)
                              c:/ac6/systemworkbench/plugins/fr.ac6.mcu.externaltools.arm-none.win32_1.13.2.201703061525/tools/compiler/bin/../lib/gcc/arm-none-eabi/5.4.1/../../../../arm-none-eabi/lib/armv7-m/crt0.o (exit)
c:/ac6/systemworkbench/plugins/fr.ac6.mcu.externaltools.arm-none.win32_1.13.2.201703061525/tools/compiler/bin/../lib/gcc/arm-none-eabi/5.4.1/../../../../arm-none-eabi/lib/armv7-m\libc.a(lib_a-impure.o)
                              c:/ac6/systemworkbench/plugins/fr.ac6.mcu.externaltools.arm-none.win32_1.13.2.201703061525/tools/compiler/bin/../lib/gcc/arm-none-eabi/5.4.1/../../../../arm-none-eabi/lib/armv7-m\libc.a(lib_a-exit.o) (_global_impure_ptr)
c:/ac6/systemworkbench/plugins/fr.ac6.mcu.externaltools.arm-none.win32_1.13.2.201703061525/tools/compiler/bin/../lib/gcc/arm-none-eabi/5.4.1/../../../../arm-none-eabi/lib/armv7-m\libc.a(lib_a-init.o)
                              c:/ac6/systemworkbench/plugins/fr.ac6.mcu.externaltools.arm-none.win32_1.13.2.201703061525/tools/compiler/bin/../lib/gcc/arm-none-eabi/5.4.1/../../../../arm-none-eabi/lib/armv7-m/crt0.o (__libc_init_array)
c:/ac6/systemworkbench/plugins/fr.ac6.mcu.externaltools.arm-none.win32_1.13.2.201703061525/tools/compiler/bin/../lib/gcc/arm-none-eabi/5.4.1/../../../../arm-none-eabi/lib/armv7-m\libc.a(lib_a-memcpy.o)
                              FreeRTOS/Source/queue.o (memcpy)
c:/ac6/systemworkbench/plugins/fr.ac6.mcu.externaltools.arm-none.win32_1.13.2.201703061525/tools/compiler/bin/../lib/gcc/arm-none-eabi/5.4.1/../../../../arm-none-eabi/lib/armv7-m\libc.a(lib_a-memset.o)
                              c:/ac6/systemworkbench/plugins/fr.ac6.mcu.externaltools.arm-none.win32_1.13.2.201703061525/tools/compiler/bin/../lib/gcc/arm-none-eabi/5.4.1/../../../../arm-none-eabi/lib/armv7-m/crt0.o (memset)
c:/ac6/systemworkbench/plugins/fr.ac6.mcu.externaltools.arm-none.win32_1.13.2.201703061525/tools/compiler/bin/../lib/gcc/arm-none-eabi/5.4.1/../../../../arm-none-eabi/lib/armv7-m\libc.a(lib_a-__call_atexit.o)
                              c:/ac6/systemworkbench/plugins/fr.ac6.mcu.externaltools.arm-none.win32_1.13.2.201703061525/tools/compiler/bin/../lib/gcc/arm-none-eabi/5.4.1/../../../../arm-none-eabi/lib/armv7-m\libc.a(lib_a-exit.o) (__call_exitprocs)
c:/ac6/systemworkbench/plugins/fr.ac6.mcu.externaltools.arm-none.win32_1.13.2.201703061525/tools/compiler/bin/../lib/gcc/arm-none-eabi/5.4.1/../../../../arm-none-eabi/lib/armv7-m\libc.a(lib_a-atexit.o)
                              c:/ac6/systemworkbench/plugins/fr.ac6.mcu.externaltools.arm-none.win32_1.13.2.201703061525/tools/compiler/bin/../lib/gcc/arm-none-eabi/5.4.1/../../../../arm-none-eabi/lib/armv7-m\libc.a(lib_a-__call_atexit.o) (atexit)
c:/ac6/systemworkbench/plugins/fr.ac6.mcu.externaltools.arm-none.win32_1.13.2.201703061525/tools/compiler/bin/../lib/gcc/arm-none-eabi/5.4.1/../../../../arm-none-eabi/lib/armv7-m\libc.a(lib_a-fini.o)
                              c:/ac6/systemworkbench/plugins/fr.ac6.mcu.externaltools.arm-none.win32_1.13.2.201703061525/tools/compiler/bin/../lib/gcc/arm-none-eabi/5.4.1/../../../../arm-none-eabi/lib/armv7-m\libc.a(lib_a-__call_atexit.o) (__libc_fini_array)
c:/ac6/systemworkbench/plugins/fr.ac6.mcu.externaltools.arm-none.win32_1.13.2.201703061525/tools/compiler/bin/../lib/gcc/arm-none-eabi/5.4.1/../../../../arm-none-eabi/lib/armv7-m\libc.a(lib_a-__atexit.o)
                              c:/ac6/systemworkbench/plugins/fr.ac6.mcu.externaltools.arm-none.win32_1.13.2.201703061525/tools/compiler/bin/../lib/gcc/arm-none-eabi/5.4.1/../../../../arm-none-eabi/lib/armv7-m\libc.a(lib_a-atexit.o) (__register_exitproc)

Discarded input sections

 .text          0x00000000        0x0 c:/ac6/systemworkbench/plugins/fr.ac6.mcu.externaltools.arm-none.win32_1.13.2.201703061525/tools/compiler/bin/../lib/gcc/arm-none-eabi/5.4.1/armv7-m/crti.o
 .data          0x00000000        0x0 c:/ac6/systemworkbench/plugins/fr.ac6.mcu.externaltools.arm-none.win32_1.13.2.201703061525/tools/compiler/bin/../lib/gcc/arm-none-eabi/5.4.1/armv7-m/crti.o
 .bss           0x00000000        0x0 c:/ac6/systemworkbench/plugins/fr.ac6.mcu.externaltools.arm-none.win32_1.13.2.201703061525/tools/compiler/bin/../lib/gcc/arm-none-eabi/5.4.1/armv7-m/crti.o
 .data          0x00000000        0x4 c:/ac6/systemworkbench/plugins/fr.ac6.mcu.externaltools.arm-none.win32_1.13.2.201703061525/tools/compiler/bin/../lib/gcc/arm-none-eabi/5.4.1/armv7-m/crtbegin.o
[...]
Memory Configuration

Name             Origin             Length             Attributes
FLASH            0x08000000         0x00020000         xr
RAM              0x20000000         0x00005000         xrw
MEMORY_B1        0x60000000         0x00000000         xr
*default*        0x00000000         0xffffffff

Linker script and memory map

LOAD c:/ac6/systemworkbench/plugins/fr.ac6.mcu.externaltools.arm-none.win32_1.13.2.201703061525/tools/compiler/bin/../lib/gcc/arm-none-eabi/5.4.1/armv7-m/crti.o
LOAD c:/ac6/systemworkbench/plugins/fr.ac6.mcu.externaltools.arm-none.win32_1.13.2.201703061525/tools/compiler/bin/../lib/gcc/arm-none-eabi/5.4.1/armv7-m/crtbegin.o
LOAD c:/ac6/systemworkbench/plugins/fr.ac6.mcu.externaltools.arm-none.win32_1.13.2.201703061525/tools/compiler/bin/../lib/gcc/arm-none-eabi/5.4.1/../../../../arm-none-eabi/lib/armv7-m/crt0.o
LOAD c:/ac6/systemworkbench/plugins/fr.ac6.mcu.externaltools.arm-none.win32_1.13.2.201703061525/tools/compiler/bin/../lib/gcc/arm-none-eabi/5.4.1/../../../../arm-none-eabi/lib/armv7-m\libm.a
LOAD FreeRTOS/Source/croutine.o
LOAD FreeRTOS/Source/event_groups.o
LOAD FreeRTOS/Source/list.o
LOAD FreeRTOS/Source/queue.o
LOAD FreeRTOS/Source/tasks.o
LOAD FreeRTOS/Source/timers.o
LOAD FreeRTOS/Source/portable/GCC/ARM_CM3/port.o
LOAD FreeRTOS/Source/portable/MemMang/heap_4.o
LOAD StdPeriph_Driver/src/misc.o
LOAD StdPeriph_Driver/src/stm32f10x_adc.o
LOAD StdPeriph_Driver/src/stm32f10x_bkp.o
LOAD StdPeriph_Driver/src/stm32f10x_can.o
LOAD StdPeriph_Driver/src/stm32f10x_cec.o
LOAD StdPeriph_Driver/src/stm32f10x_crc.o
LOAD StdPeriph_Driver/src/stm32f10x_dac.o
LOAD StdPeriph_Driver/src/stm32f10x_dbgmcu.o
LOAD StdPeriph_Driver/src/stm32f10x_dma.o
LOAD StdPeriph_Driver/src/stm32f10x_exti.o
LOAD StdPeriph_Driver/src/stm32f10x_flash.o
LOAD StdPeriph_Driver/src/stm32f10x_fsmc.o
LOAD StdPeriph_Driver/src/stm32f10x_gpio.o
LOAD StdPeriph_Driver/src/stm32f10x_i2c.o
LOAD StdPeriph_Driver/src/stm32f10x_iwdg.o
LOAD StdPeriph_Driver/src/stm32f10x_pwr.o
LOAD StdPeriph_Driver/src/stm32f10x_rcc.o
LOAD StdPeriph_Driver/src/stm32f10x_rtc.o
LOAD StdPeriph_Driver/src/stm32f10x_sdio.o
LOAD StdPeriph_Driver/src/stm32f10x_spi.o
LOAD StdPeriph_Driver/src/stm32f10x_tim.o
LOAD StdPeriph_Driver/src/stm32f10x_usart.o
LOAD StdPeriph_Driver/src/stm32f10x_wwdg.o
LOAD src/main.o
LOAD src/syscalls.o
LOAD src/system_stm32f10x.o
LOAD startup/startup_stm32f10x_md.o
START GROUP
LOAD c:/ac6/systemworkbench/plugins/fr.ac6.mcu.externaltools.arm-none.win32_1.13.2.201703061525/tools/compiler/bin/../lib/gcc/arm-none-eabi/5.4.1/armv7-m\libgcc.a
LOAD c:/ac6/systemworkbench/plugins/fr.ac6.mcu.externaltools.arm-none.win32_1.13.2.201703061525/tools/compiler/bin/../lib/gcc/arm-none-eabi/5.4.1/../../../../arm-none-eabi/lib/armv7-m\libc.a
END GROUP
LOAD c:/ac6/systemworkbench/plugins/fr.ac6.mcu.externaltools.arm-none.win32_1.13.2.201703061525/tools/compiler/bin/../lib/gcc/arm-none-eabi/5.4.1/armv7-m/crtend.o
LOAD c:/ac6/systemworkbench/plugins/fr.ac6.mcu.externaltools.arm-none.win32_1.13.2.201703061525/tools/compiler/bin/../lib/gcc/arm-none-eabi/5.4.1/armv7-m/crtn.o
                0x20005000                _estack = 0x20005000
                0x00000000                _Min_Heap_Size = 0x0
                0x00000100                _Min_Stack_Size = 0x100

.isr_vector     0x08000000      0x10c
                0x08000000                . = ALIGN (0x4)
 *(.isr_vector)
 .isr_vector    0x08000000      0x10c startup/startup_stm32f10x_md.o
                0x08000000                g_pfnVectors
                0x0800010c                . = ALIGN (0x4)

.text           0x08000110     0x10c8
                0x08000110                . = ALIGN (0x4)
 *(.text)
 .text          0x08000110       0x5c c:/ac6/systemworkbench/plugins/fr.ac6.mcu.externaltools.arm-none.win32_1.13.2.201703061525/tools/compiler/bin/../lib/gcc/arm-none-eabi/5.4.1/armv7-m/crtbegin.o
 *(.text*)
 .text.vListInitialise
                0x0800016c       0x40 FreeRTOS/Source/list.o
                0x0800016c                vListInitialise
 .text.vListInitialiseItem
                0x080001ac       0x18 FreeRTOS/Source/list.o
                0x080001ac                vListInitialiseItem
 .text.vListInsertEnd
                0x080001c4       0x48 FreeRTOS/Source/list.o
                0x080001c4                vListInsertEnd
 .text.uxListRemove
                0x0800020c       0x54 FreeRTOS/Source/list.o
                0x0800020c                uxListRemove
 .text.xTaskCreate
                0x08000260       0x84 FreeRTOS/Source/tasks.o
                0x08000260                xTaskCreate
 .text.prvInitialiseNewTask
                0x080002e4       0xe0 FreeRTOS/Source/tasks.o
 .text.prvAddNewTaskToReadyList
                0x080003c4       0xd4 FreeRTOS/Source/tasks.o
 .text.vTaskStartScheduler
                0x08000498       0x6c FreeRTOS/Source/tasks.o
                0x08000498                vTaskStartScheduler
 .text.vTaskSuspendAll
                0x08000504       0x1c FreeRTOS/Source/tasks.o
                0x08000504                vTaskSuspendAll
 .text.xTaskResumeAll
                0x08000520      0x11c FreeRTOS/Source/tasks.o
                0x08000520                xTaskResumeAll
 .text.xTaskIncrementTick
                0x0800063c      0x158 FreeRTOS/Source/tasks.o
                0x0800063c                xTaskIncrementTick
 .text.vTaskSwitchContext
                0x08000794       0x8c FreeRTOS/Source/tasks.o
                0x08000794                vTaskSwitchContext
 .text.prvIdleTask
                0x08000820       0x30 FreeRTOS/Source/tasks.o
 .text.prvInitialiseTaskLists
                0x08000850       0x80 FreeRTOS/Source/tasks.o
 .text.prvCheckTasksWaitingTermination
                0x080008d0       0x78 FreeRTOS/Source/tasks.o
 .text.prvDeleteTCB
                0x08000948       0x20 FreeRTOS/Source/tasks.o
 .text.prvResetNextTaskUnblockTime
                0x08000968       0x48 FreeRTOS/Source/tasks.o
 .text.pxPortInitialiseStack
                0x080009b0       0x58 FreeRTOS/Source/portable/GCC/ARM_CM3/port.o
                0x080009b0                pxPortInitialiseStack
 .text.prvTaskExitError
                0x08000a08       0x30 FreeRTOS/Source/portable/GCC/ARM_CM3/port.o
 *fill*         0x08000a38        0x8 
 .text.SVC_Handler
                0x08000a40       0x28 FreeRTOS/Source/portable/GCC/ARM_CM3/port.o
                0x08000a40                SVC_Handler
 .text.prvPortStartFirstTask
                0x08000a68       0x20 FreeRTOS/Source/portable/GCC/ARM_CM3/port.o
 .text.xPortStartScheduler
                0x08000a88       0x40 FreeRTOS/Source/portable/GCC/ARM_CM3/port.o
                0x08000a88                xPortStartScheduler
 .text.vPortEnterCritical
                0x08000ac8       0x30 FreeRTOS/Source/portable/GCC/ARM_CM3/port.o
                0x08000ac8                vPortEnterCritical
 .text.vPortExitCritical
                0x08000af8       0x30 FreeRTOS/Source/portable/GCC/ARM_CM3/port.o
                0x08000af8                vPortExitCritical
 *fill*         0x08000b28        0x8 
 .text.PendSV_Handler
                0x08000b30       0x48 FreeRTOS/Source/portable/GCC/ARM_CM3/port.o
                0x08000b30                PendSV_Handler
 .text.SysTick_Handler
                0x08000b78       0x40 FreeRTOS/Source/portable/GCC/ARM_CM3/port.o
                0x08000b78                SysTick_Handler
 .text.vPortSetupTimerInterrupt
                0x08000bb8       0x34 FreeRTOS/Source/portable/GCC/ARM_CM3/port.o
                0x08000bb8                vPortSetupTimerInterrupt
 .text.pvPortMalloc
                0x08000bec      0x128 FreeRTOS/Source/portable/MemMang/heap_4.o
                0x08000bec                pvPortMalloc
 .text.vPortFree
                0x08000d14       0x74 FreeRTOS/Source/portable/MemMang/heap_4.o
                0x08000d14                vPortFree
 .text.prvHeapInit
                0x08000d88       0xc4 FreeRTOS/Source/portable/MemMang/heap_4.o
 .text.prvInsertBlockIntoFreeList
                0x08000e4c       0xb0 FreeRTOS/Source/portable/MemMang/heap_4.o
 .text.main     0x08000efc       0x10 src/main.o
                0x08000efc                main
 .text.prvSetupHardware
                0x08000f0c        0xc src/main.o
 .text.SystemInit
                0x08000f18       0x68 src/system_stm32f10x.o
                0x08000f18                SystemInit
 .text.SetSysClock
                0x08000f80       0xb8 src/system_stm32f10x.o
 .text.Reset_Handler
                0x08001038       0x48 startup/startup_stm32f10x_md.o
                0x08001038                Reset_Handler
 .text.Default_Handler
                0x08001080        0x2 startup/startup_stm32f10x_md.o
                0x08001080                EXTI2_IRQHandler
                0x08001080                DebugMon_Handler
                0x08001080                TIM1_CC_IRQHandler
                0x08001080                HardFault_Handler
                0x08001080                PVD_IRQHandler
                0x08001080                NMI_Handler
                0x08001080                EXTI3_IRQHandler
                0x08001080                EXTI0_IRQHandler
                0x08001080                I2C2_EV_IRQHandler
                0x08001080                UsageFault_Handler
                0x08001080                ADC1_2_IRQHandler
                0x08001080                SPI1_IRQHandler
                0x08001080                TAMPER_IRQHandler
                0x08001080                DMA1_Channel4_IRQHandler
                0x08001080                USART3_IRQHandler
                0x08001080                RTC_IRQHandler
                0x08001080                DMA1_Channel7_IRQHandler
                0x08001080                CAN1_RX1_IRQHandler
                0x08001080                TIM4_IRQHandler
                0x08001080                I2C1_EV_IRQHandler
                0x08001080                DMA1_Channel6_IRQHandler
                0x08001080                TIM3_IRQHandler
                0x08001080                RCC_IRQHandler
                0x08001080                TIM1_TRG_COM_IRQHandler
                0x08001080                DMA1_Channel1_IRQHandler
                0x08001080                Default_Handler
                0x08001080                EXTI15_10_IRQHandler
                0x08001080                EXTI9_5_IRQHandler
                0x08001080                SPI2_IRQHandler
                0x08001080                MemManage_Handler
                0x08001080                DMA1_Channel5_IRQHandler
                0x08001080                EXTI4_IRQHandler
                0x08001080                USB_LP_CAN1_RX0_IRQHandler
                0x08001080                USB_HP_CAN1_TX_IRQHandler
                0x08001080                DMA1_Channel3_IRQHandler
                0x08001080                TIM1_UP_IRQHandler
                0x08001080                WWDG_IRQHandler
                0x08001080                TIM2_IRQHandler
                0x08001080                TIM1_BRK_IRQHandler
                0x08001080                EXTI1_IRQHandler
                0x08001080                RTCAlarm_IRQHandler
                0x08001080                USART2_IRQHandler
                0x08001080                I2C2_ER_IRQHandler
                0x08001080                DMA1_Channel2_IRQHandler
                0x08001080                CAN1_SCE_IRQHandler
                0x08001080                FLASH_IRQHandler
                0x08001080                BusFault_Handler
                0x08001080                USART1_IRQHandler
                0x08001080                I2C1_ER_IRQHandler
                0x08001080                USBWakeUp_IRQHandler
 *fill*         0x08001082        0x2 
 .text.__libc_init_array
                0x08001084       0x50 c:/ac6/systemworkbench/plugins/fr.ac6.mcu.externaltools.arm-none.win32_1.13.2.201703061525/tools/compiler/bin/../lib/gcc/arm-none-eabi/5.4.1/../../../../arm-none-eabi/lib/armv7-m\libc.a(lib_a-init.o)
                0x08001084                __libc_init_array
 .text.startup.register_fini
                0x080010d4       0x14 c:/ac6/systemworkbench/plugins/fr.ac6.mcu.externaltools.arm-none.win32_1.13.2.201703061525/tools/compiler/bin/../lib/gcc/arm-none-eabi/5.4.1/../../../../arm-none-eabi/lib/armv7-m\libc.a(lib_a-__call_atexit.o)
 .text.atexit   0x080010e8        0xc c:/ac6/systemworkbench/plugins/fr.ac6.mcu.externaltools.arm-none.win32_1.13.2.201703061525/tools/compiler/bin/../lib/gcc/arm-none-eabi/5.4.1/../../../../arm-none-eabi/lib/armv7-m\libc.a(lib_a-atexit.o)
                0x080010e8                atexit
 .text.__libc_fini_array
                0x080010f4       0x28 c:/ac6/systemworkbench/plugins/fr.ac6.mcu.externaltools.arm-none.win32_1.13.2.201703061525/tools/compiler/bin/../lib/gcc/arm-none-eabi/5.4.1/../../../../arm-none-eabi/lib/armv7-m\libc.a(lib_a-fini.o)
                0x080010f4                __libc_fini_array
 .text.__register_exitproc
                0x0800111c       0xa4 c:/ac6/systemworkbench/plugins/fr.ac6.mcu.externaltools.arm-none.win32_1.13.2.201703061525/tools/compiler/bin/../lib/gcc/arm-none-eabi/5.4.1/../../../../arm-none-eabi/lib/armv7-m\libc.a(lib_a-__atexit.o)
                0x0800111c                __register_exitproc
 *(.glue_7)
 .glue_7        0x080011c0        0x0 linker stubs
 *(.glue_7t)
 .glue_7t       0x080011c0        0x0 linker stubs
 *(.eh_frame)
 .eh_frame      0x080011c0        0x0 c:/ac6/systemworkbench/plugins/fr.ac6.mcu.externaltools.arm-none.win32_1.13.2.201703061525/tools/compiler/bin/../lib/gcc/arm-none-eabi/5.4.1/armv7-m/crtbegin.o
 *(.init)
 .init          0x080011c0        0x4 c:/ac6/systemworkbench/plugins/fr.ac6.mcu.externaltools.arm-none.win32_1.13.2.201703061525/tools/compiler/bin/../lib/gcc/arm-none-eabi/5.4.1/armv7-m/crti.o
                0x080011c0                _init
 .init          0x080011c4        0x8 c:/ac6/systemworkbench/plugins/fr.ac6.mcu.externaltools.arm-none.win32_1.13.2.201703061525/tools/compiler/bin/../lib/gcc/arm-none-eabi/5.4.1/armv7-m/crtn.o
 *(.fini)
 .fini          0x080011cc        0x4 c:/ac6/systemworkbench/plugins/fr.ac6.mcu.externaltools.arm-none.win32_1.13.2.201703061525/tools/compiler/bin/../lib/gcc/arm-none-eabi/5.4.1/armv7-m/crti.o
                0x080011cc                _fini
 .fini          0x080011d0        0x8 c:/ac6/systemworkbench/plugins/fr.ac6.mcu.externaltools.arm-none.win32_1.13.2.201703061525/tools/compiler/bin/../lib/gcc/arm-none-eabi/5.4.1/armv7-m/crtn.o
                0x080011d8                . = ALIGN (0x4)
                0x080011d8                _etext = .

.vfp11_veneer   0x080011d8        0x0
 .vfp11_veneer  0x080011d8        0x0 linker stubs

.v4_bx          0x080011d8        0x0
 .v4_bx         0x080011d8        0x0 linker stubs

.iplt           0x080011d8        0x0
 .iplt          0x080011d8        0x0 c:/ac6/systemworkbench/plugins/fr.ac6.mcu.externaltools.arm-none.win32_1.13.2.201703061525/tools/compiler/bin/../lib/gcc/arm-none-eabi/5.4.1/armv7-m/crtbegin.o

.rodata         0x080011d8        0xc
                0x080011d8                . = ALIGN (0x4)
 *(.rodata)
 .rodata        0x080011d8        0x5 FreeRTOS/Source/tasks.o
 *(.rodata*)
 *fill*         0x080011dd        0x3 
 .rodata._global_impure_ptr
                0x080011e0        0x4 c:/ac6/systemworkbench/plugins/fr.ac6.mcu.externaltools.arm-none.win32_1.13.2.201703061525/tools/compiler/bin/../lib/gcc/arm-none-eabi/5.4.1/../../../../arm-none-eabi/lib/armv7-m\libc.a(lib_a-impure.o)
                0x080011e0                _global_impure_ptr
                0x080011e4                . = ALIGN (0x4)

.rel.dyn        0x080011e4        0x0
 .rel.iplt      0x080011e4        0x0 c:/ac6/systemworkbench/plugins/fr.ac6.mcu.externaltools.arm-none.win32_1.13.2.201703061525/tools/compiler/bin/../lib/gcc/arm-none-eabi/5.4.1/armv7-m/crtbegin.o

.ARM.extab
 *(.ARM.extab* .gnu.linkonce.armextab.*)

.ARM            0x080011e4        0x0
                0x080011e4                __exidx_start = .
 *(.ARM.exidx*)
                0x080011e4                __exidx_end = .

.preinit_array  0x080011e4        0x0
                0x080011e4                PROVIDE (__preinit_array_start, .)
 *(.preinit_array*)
                0x080011e4                PROVIDE (__preinit_array_end, .)

.init_array     0x080011e4        0x8
                0x080011e4                PROVIDE (__init_array_start, .)
 *(SORT(.init_array.*))
 .init_array.00000
                0x080011e4        0x4 c:/ac6/systemworkbench/plugins/fr.ac6.mcu.externaltools.arm-none.win32_1.13.2.201703061525/tools/compiler/bin/../lib/gcc/arm-none-eabi/5.4.1/../../../../arm-none-eabi/lib/armv7-m\libc.a(lib_a-__call_atexit.o)
 *(.init_array*)
 .init_array    0x080011e8        0x4 c:/ac6/systemworkbench/plugins/fr.ac6.mcu.externaltools.arm-none.win32_1.13.2.201703061525/tools/compiler/bin/../lib/gcc/arm-none-eabi/5.4.1/armv7-m/crtbegin.o
                0x080011ec                PROVIDE (__init_array_end, .)

.fini_array     0x080011ec        0x4
                0x080011ec                PROVIDE (__fini_array_start, .)
 *(SORT(.fini_array.*))
 *(.fini_array*)
 .fini_array    0x080011ec        0x4 c:/ac6/systemworkbench/plugins/fr.ac6.mcu.externaltools.arm-none.win32_1.13.2.201703061525/tools/compiler/bin/../lib/gcc/arm-none-eabi/5.4.1/armv7-m/crtbegin.o
                0x080011f0                PROVIDE (__fini_array_end, .)
                0x080011f0                _sidata = LOADADDR (.data)

.data           0x20000000      0x430 load address 0x080011f0
                0x20000000                . = ALIGN (0x4)
                0x20000000                _sdata = .
 *(.data)
 .data          0x20000000        0x4 FreeRTOS/Source/portable/GCC/ARM_CM3/port.o
 *(.data*)
 *fill*         0x20000004        0x4 
 .data.impure_data
                0x20000008      0x428 c:/ac6/systemworkbench/plugins/fr.ac6.mcu.externaltools.arm-none.win32_1.13.2.201703061525/tools/compiler/bin/../lib/gcc/arm-none-eabi/5.4.1/../../../../arm-none-eabi/lib/armv7-m\libc.a(lib_a-impure.o)
                0x20000430                . = ALIGN (0x4)
                0x20000430                _edata = .

.jcr            0x20000430        0x0 load address 0x08001620
 .jcr           0x20000430        0x0 c:/ac6/systemworkbench/plugins/fr.ac6.mcu.externaltools.arm-none.win32_1.13.2.201703061525/tools/compiler/bin/../lib/gcc/arm-none-eabi/5.4.1/armv7-m/crtbegin.o

.igot.plt       0x20000430        0x0 load address 0x08001620
 .igot.plt      0x20000430        0x0 c:/ac6/systemworkbench/plugins/fr.ac6.mcu.externaltools.arm-none.win32_1.13.2.201703061525/tools/compiler/bin/../lib/gcc/arm-none-eabi/5.4.1/armv7-m/crtbegin.o
                0x20000430                . = ALIGN (0x4)

.bss            0x20000430     0x4538 load address 0x08001620
                0x20000430                _sbss = .
                0x20000430                __bss_start__ = _sbss
 *(.bss)
 .bss           0x20000430       0x1c c:/ac6/systemworkbench/plugins/fr.ac6.mcu.externaltools.arm-none.win32_1.13.2.201703061525/tools/compiler/bin/../lib/gcc/arm-none-eabi/5.4.1/armv7-m/crtbegin.o
 .bss           0x2000044c      0x104 FreeRTOS/Source/tasks.o
                0x2000044c                pxCurrentTCB
 .bss           0x20000550     0x4418 FreeRTOS/Source/portable/MemMang/heap_4.o
 *(.bss*)
 *(COMMON)
                0x20004968                . = ALIGN (0x4)
                0x20004968                _ebss = .
                0x20004968                __bss_end__ = _ebss

._user_heap_stack
                0x20004968      0x100 load address 0x08001620
                0x20004968                . = ALIGN (0x8)
                0x20004968                PROVIDE (end, .)
                [!provide]                PROVIDE (_end, .)
                0x20004968                . = (. + _Min_Heap_Size)
                0x20004a68                . = (. + _Min_Stack_Size)
 *fill*         0x20004968      0x100 
                0x20004a68                . = ALIGN (0x8)

.memory_b1_text
 *(.mb1text)
 *(.mb1text*)
 *(.mb1rodata)
 *(.mb1rodata*)

/DISCARD/
 libc.a(*)
 libm.a(*)
 libgcc.a(*)

.ARM.attributes
                0x00000000       0x29
 *(.ARM.attributes)
 .ARM.attributes
                0x00000000       0x1d c:/ac6/systemworkbench/plugins/fr.ac6.mcu.externaltools.arm-none.win32_1.13.2.201703061525/tools/compiler/bin/../lib/gcc/arm-none-eabi/5.4.1/armv7-m/crti.o
 .ARM.attributes
                0x0000001d       0x2d c:/ac6/systemworkbench/plugins/fr.ac6.mcu.externaltools.arm-none.win32_1.13.2.201703061525/tools/compiler/bin/../lib/gcc/arm-none-eabi/5.4.1/armv7-m/crtbegin.o
 .ARM.attributes
                0x0000004a       0x33 FreeRTOS/Source/list.o
 .ARM.attributes
                0x0000007d       0x33 FreeRTOS/Source/tasks.o
 .ARM.attributes
                0x000000b0       0x33 FreeRTOS/Source/portable/GCC/ARM_CM3/port.o
 .ARM.attributes
                0x000000e3       0x33 FreeRTOS/Source/portable/MemMang/heap_4.o
 .ARM.attributes
                0x00000116       0x33 src/main.o
 .ARM.attributes
                0x00000149       0x33 src/system_stm32f10x.o
 .ARM.attributes
                0x0000017c       0x21 startup/startup_stm32f10x_md.o
 .ARM.attributes
                0x0000019d       0x2d c:/ac6/systemworkbench/plugins/fr.ac6.mcu.externaltools.arm-none.win32_1.13.2.201703061525/tools/compiler/bin/../lib/gcc/arm-none-eabi/5.4.1/../../../../arm-none-eabi/lib/armv7-m\libc.a(lib_a-impure.o)
 .ARM.attributes
                0x000001ca       0x2d c:/ac6/systemworkbench/plugins/fr.ac6.mcu.externaltools.arm-none.win32_1.13.2.201703061525/tools/compiler/bin/../lib/gcc/arm-none-eabi/5.4.1/../../../../arm-none-eabi/lib/armv7-m\libc.a(lib_a-init.o)
 .ARM.attributes
                0x000001f7       0x2d c:/ac6/systemworkbench/plugins/fr.ac6.mcu.externaltools.arm-none.win32_1.13.2.201703061525/tools/compiler/bin/../lib/gcc/arm-none-eabi/5.4.1/../../../../arm-none-eabi/lib/armv7-m\libc.a(lib_a-__call_atexit.o)
 .ARM.attributes
                0x00000224       0x2d c:/ac6/systemworkbench/plugins/fr.ac6.mcu.externaltools.arm-none.win32_1.13.2.201703061525/tools/compiler/bin/../lib/gcc/arm-none-eabi/5.4.1/../../../../arm-none-eabi/lib/armv7-m\libc.a(lib_a-atexit.o)
 .ARM.attributes
                0x00000251       0x2d c:/ac6/systemworkbench/plugins/fr.ac6.mcu.externaltools.arm-none.win32_1.13.2.201703061525/tools/compiler/bin/../lib/gcc/arm-none-eabi/5.4.1/../../../../arm-none-eabi/lib/armv7-m\libc.a(lib_a-fini.o)
 .ARM.attributes
                0x0000027e       0x2d c:/ac6/systemworkbench/plugins/fr.ac6.mcu.externaltools.arm-none.win32_1.13.2.201703061525/tools/compiler/bin/../lib/gcc/arm-none-eabi/5.4.1/../../../../arm-none-eabi/lib/armv7-m\libc.a(lib_a-__atexit.o)
 .ARM.attributes
                0x000002ab       0x1d c:/ac6/systemworkbench/plugins/fr.ac6.mcu.externaltools.arm-none.win32_1.13.2.201703061525/tools/compiler/bin/../lib/gcc/arm-none-eabi/5.4.1/armv7-m/crtn.o
OUTPUT(F103_FreeRTOS.elf elf32-littlearm)

.debug_info     0x00000000     0x2382
 .debug_info    0x00000000      0x2d3 FreeRTOS/Source/list.o
 .debug_info    0x000002d3     0x14d3 FreeRTOS/Source/tasks.o
 .debug_info    0x000017a6      0x311 FreeRTOS/Source/portable/GCC/ARM_CM3/port.o
 .debug_info    0x00001ab7      0x316 FreeRTOS/Source/portable/MemMang/heap_4.o
 .debug_info    0x00001dcd       0xd2 src/main.o
 .debug_info    0x00001e9f      0x478 src/system_stm32f10x.o
 .debug_info    0x00002317       0x6b startup/startup_stm32f10x_md.o

.debug_abbrev   0x00000000      0x886
 .debug_abbrev  0x00000000       0xdb FreeRTOS/Source/list.o
 .debug_abbrev  0x000000db      0x28b FreeRTOS/Source/tasks.o
 .debug_abbrev  0x00000366      0x1cd FreeRTOS/Source/portable/GCC/ARM_CM3/port.o
 .debug_abbrev  0x00000533      0x173 FreeRTOS/Source/portable/MemMang/heap_4.o
 .debug_abbrev  0x000006a6       0x82 src/main.o
 .debug_abbrev  0x00000728      0x14c src/system_stm32f10x.o
 .debug_abbrev  0x00000874       0x12 startup/startup_stm32f10x_md.o

.debug_aranges  0x00000000      0x310
 .debug_aranges
                0x00000000       0x40 FreeRTOS/Source/list.o
 .debug_aranges
                0x00000040      0x190 FreeRTOS/Source/tasks.o
 .debug_aranges
                0x000001d0       0x70 FreeRTOS/Source/portable/GCC/ARM_CM3/port.o
 .debug_aranges
                0x00000240       0x50 FreeRTOS/Source/portable/MemMang/heap_4.o
 .debug_aranges
                0x00000290       0x28 src/main.o
 .debug_aranges
                0x000002b8       0x30 src/system_stm32f10x.o
 .debug_aranges
                0x000002e8       0x28 startup/startup_stm32f10x_md.o

.debug_ranges   0x00000000      0x2a8
 .debug_ranges  0x00000000       0x30 FreeRTOS/Source/list.o
 .debug_ranges  0x00000030      0x180 FreeRTOS/Source/tasks.o
 .debug_ranges  0x000001b0       0x60 FreeRTOS/Source/portable/GCC/ARM_CM3/port.o
 .debug_ranges  0x00000210       0x40 FreeRTOS/Source/portable/MemMang/heap_4.o
 .debug_ranges  0x00000250       0x18 src/main.o
 .debug_ranges  0x00000268       0x20 src/system_stm32f10x.o
 .debug_ranges  0x00000288       0x20 startup/startup_stm32f10x_md.o

.debug_macro    0x00000000     0x1018
 .debug_macro   0x00000000      0x2af FreeRTOS/Source/list.o
 .debug_macro   0x000002af      0x38e FreeRTOS/Source/tasks.o
 .debug_macro   0x0000063d       0x11 FreeRTOS/Source/tasks.o
 .debug_macro   0x0000064e      0x2a6 FreeRTOS/Source/portable/GCC/ARM_CM3/port.o
 .debug_macro   0x000008f4      0x2d6 FreeRTOS/Source/portable/MemMang/heap_4.o
 .debug_macro   0x00000bca      0x1ff src/main.o
 .debug_macro   0x00000dc9       0xb2 src/main.o
 .debug_macro   0x00000e7b      0x19d src/system_stm32f10x.o

.debug_line     0x00000000     0x3410
 .debug_line    0x00000000      0x7aa FreeRTOS/Source/list.o
 .debug_line    0x000007aa      0xf42 FreeRTOS/Source/tasks.o
 .debug_line    0x000016ec      0x7df FreeRTOS/Source/portable/GCC/ARM_CM3/port.o
 .debug_line    0x00001ecb      0x82f FreeRTOS/Source/portable/MemMang/heap_4.o
 .debug_line    0x000026fa      0x6bb src/main.o
 .debug_line    0x00002db5      0x5dd src/system_stm32f10x.o
 .debug_line    0x00003392       0x7e startup/startup_stm32f10x_md.o

.debug_str      0x00000000    0x56a83
 .debug_str     0x00000000    0x540b6 FreeRTOS/Source/list.o
                              0x542dc (size before relaxing)
 .debug_str     0x000540b6     0x1fe2 FreeRTOS/Source/tasks.o
                              0x562ab (size before relaxing)
 .debug_str     0x00056098      0x60a FreeRTOS/Source/portable/GCC/ARM_CM3/port.o
                              0x5268a (size before relaxing)
 .debug_str     0x000566a2      0x242 FreeRTOS/Source/portable/MemMang/heap_4.o
                              0x549ca (size before relaxing)
 .debug_str     0x000568e4       0x24 src/main.o
                              0x51fbf (size before relaxing)
 .debug_str     0x00056908      0x17b src/system_stm32f10x.o
                              0x4e98e (size before relaxing)

.comment        0x00000000       0x6e
 .comment       0x00000000       0x6e FreeRTOS/Source/list.o
                                 0x6f (size before relaxing)
 .comment       0x0000006e       0x6f FreeRTOS/Source/tasks.o
 .comment       0x0000006e       0x6f FreeRTOS/Source/portable/GCC/ARM_CM3/port.o
 .comment       0x0000006e       0x6f FreeRTOS/Source/portable/MemMang/heap_4.o
 .comment       0x0000006e       0x6f src/main.o
 .comment       0x0000006e       0x6f src/system_stm32f10x.o

.debug_frame    0x00000000      0xbcc
 .debug_frame   0x00000000       0xd8 FreeRTOS/Source/list.o
 .debug_frame   0x000000d8      0x6c0 FreeRTOS/Source/tasks.o
 .debug_frame   0x00000798      0x160 FreeRTOS/Source/portable/GCC/ARM_CM3/port.o
 .debug_frame   0x000008f8      0x108 FreeRTOS/Source/portable/MemMang/heap_4.o
 .debug_frame   0x00000a00       0x4c src/main.o
 .debug_frame   0x00000a4c       0x7c src/system_stm32f10x.o
 .debug_frame   0x00000ac8       0x2c c:/ac6/systemworkbench/plugins/fr.ac6.mcu.externaltools.arm-none.win32_1.13.2.201703061525/tools/compiler/bin/../lib/gcc/arm-none-eabi/5.4.1/../../../../arm-none-eabi/lib/armv7-m\libc.a(lib_a-init.o)
 .debug_frame   0x00000af4       0x50 c:/ac6/systemworkbench/plugins/fr.ac6.mcu.externaltools.arm-none.win32_1.13.2.201703061525/tools/compiler/bin/../lib/gcc/arm-none-eabi/5.4.1/../../../../arm-none-eabi/lib/armv7-m\libc.a(lib_a-__call_atexit.o)
 .debug_frame   0x00000b44       0x20 c:/ac6/systemworkbench/plugins/fr.ac6.mcu.externaltools.arm-none.win32_1.13.2.201703061525/tools/compiler/bin/../lib/gcc/arm-none-eabi/5.4.1/../../../../arm-none-eabi/lib/armv7-m\libc.a(lib_a-atexit.o)
 .debug_frame   0x00000b64       0x34 c:/ac6/systemworkbench/plugins/fr.ac6.mcu.externaltools.arm-none.win32_1.13.2.201703061525/tools/compiler/bin/../lib/gcc/arm-none-eabi/5.4.1/../../../../arm-none-eabi/lib/armv7-m\libc.a(lib_a-fini.o)
 .debug_frame   0x00000b98       0x34 c:/ac6/systemworkbench/plugins/fr.ac6.mcu.externaltools.arm-none.win32_1.13.2.201703061525/tools/compiler/bin/../lib/gcc/arm-none-eabi/5.4.1/../../../../arm-none-eabi/lib/armv7-m\libc.a(lib_a-__atexit.o)
