Archive member included to satisfy reference by file (symbol)

c:/ac6/systemworkbench/plugins/fr.ac6.mcu.externaltools.arm-none.win32_1.13.2.201703061525/tools/compiler/bin/../lib/gcc/arm-none-eabi/5.4.1/../../../../arm-none-eabi/lib/armv7e-m/fpu\libc.a(lib_a-errno.o)
                              src/syscalls.o (__errno)
c:/ac6/systemworkbench/plugins/fr.ac6.mcu.externaltools.arm-none.win32_1.13.2.201703061525/tools/compiler/bin/../lib/gcc/arm-none-eabi/5.4.1/../../../../arm-none-eabi/lib/armv7e-m/fpu\libc.a(lib_a-exit.o)
                              c:/ac6/systemworkbench/plugins/fr.ac6.mcu.externaltools.arm-none.win32_1.13.2.201703061525/tools/compiler/bin/../lib/gcc/arm-none-eabi/5.4.1/../../../../arm-none-eabi/lib/armv7e-m/fpu/crt0.o (exit)
c:/ac6/systemworkbench/plugins/fr.ac6.mcu.externaltools.arm-none.win32_1.13.2.201703061525/tools/compiler/bin/../lib/gcc/arm-none-eabi/5.4.1/../../../../arm-none-eabi/lib/armv7e-m/fpu\libc.a(lib_a-impure.o)
                              c:/ac6/systemworkbench/plugins/fr.ac6.mcu.externaltools.arm-none.win32_1.13.2.201703061525/tools/compiler/bin/../lib/gcc/arm-none-eabi/5.4.1/../../../../arm-none-eabi/lib/armv7e-m/fpu\libc.a(lib_a-exit.o) (_global_impure_ptr)
c:/ac6/systemworkbench/plugins/fr.ac6.mcu.externaltools.arm-none.win32_1.13.2.201703061525/tools/compiler/bin/../lib/gcc/arm-none-eabi/5.4.1/../../../../arm-none-eabi/lib/armv7e-m/fpu\libc.a(lib_a-init.o)
                              c:/ac6/systemworkbench/plugins/fr.ac6.mcu.externaltools.arm-none.win32_1.13.2.201703061525/tools/compiler/bin/../lib/gcc/arm-none-eabi/5.4.1/../../../../arm-none-eabi/lib/armv7e-m/fpu/crt0.o (__libc_init_array)
c:/ac6/systemworkbench/plugins/fr.ac6.mcu.externaltools.arm-none.win32_1.13.2.201703061525/tools/compiler/bin/../lib/gcc/arm-none-eabi/5.4.1/../../../../arm-none-eabi/lib/armv7e-m/fpu\libc.a(lib_a-memcpy.o)
                              FreeRTOS/Source/queue.o (memcpy)
c:/ac6/systemworkbench/plugins/fr.ac6.mcu.externaltools.arm-none.win32_1.13.2.201703061525/tools/compiler/bin/../lib/gcc/arm-none-eabi/5.4.1/../../../../arm-none-eabi/lib/armv7e-m/fpu\libc.a(lib_a-memset.o)
                              c:/ac6/systemworkbench/plugins/fr.ac6.mcu.externaltools.arm-none.win32_1.13.2.201703061525/tools/compiler/bin/../lib/gcc/arm-none-eabi/5.4.1/../../../../arm-none-eabi/lib/armv7e-m/fpu/crt0.o (memset)
c:/ac6/systemworkbench/plugins/fr.ac6.mcu.externaltools.arm-none.win32_1.13.2.201703061525/tools/compiler/bin/../lib/gcc/arm-none-eabi/5.4.1/../../../../arm-none-eabi/lib/armv7e-m/fpu\libc.a(lib_a-__call_atexit.o)
                              c:/ac6/systemworkbench/plugins/fr.ac6.mcu.externaltools.arm-none.win32_1.13.2.201703061525/tools/compiler/bin/../lib/gcc/arm-none-eabi/5.4.1/../../../../arm-none-eabi/lib/armv7e-m/fpu\libc.a(lib_a-exit.o) (__call_exitprocs)
c:/ac6/systemworkbench/plugins/fr.ac6.mcu.externaltools.arm-none.win32_1.13.2.201703061525/tools/compiler/bin/../lib/gcc/arm-none-eabi/5.4.1/../../../../arm-none-eabi/lib/armv7e-m/fpu\libc.a(lib_a-atexit.o)
                              c:/ac6/systemworkbench/plugins/fr.ac6.mcu.externaltools.arm-none.win32_1.13.2.201703061525/tools/compiler/bin/../lib/gcc/arm-none-eabi/5.4.1/../../../../arm-none-eabi/lib/armv7e-m/fpu\libc.a(lib_a-__call_atexit.o) (atexit)
c:/ac6/systemworkbench/plugins/fr.ac6.mcu.externaltools.arm-none.win32_1.13.2.201703061525/tools/compiler/bin/../lib/gcc/arm-none-eabi/5.4.1/../../../../arm-none-eabi/lib/armv7e-m/fpu\libc.a(lib_a-fini.o)
                              c:/ac6/systemworkbench/plugins/fr.ac6.mcu.externaltools.arm-none.win32_1.13.2.201703061525/tools/compiler/bin/../lib/gcc/arm-none-eabi/5.4.1/../../../../arm-none-eabi/lib/armv7e-m/fpu\libc.a(lib_a-__call_atexit.o) (__libc_fini_array)
c:/ac6/systemworkbench/plugins/fr.ac6.mcu.externaltools.arm-none.win32_1.13.2.201703061525/tools/compiler/bin/../lib/gcc/arm-none-eabi/5.4.1/../../../../arm-none-eabi/lib/armv7e-m/fpu\libc.a(lib_a-__atexit.o)
                              c:/ac6/systemworkbench/plugins/fr.ac6.mcu.externaltools.arm-none.win32_1.13.2.201703061525/tools/compiler/bin/../lib/gcc/arm-none-eabi/5.4.1/../../../../arm-none-eabi/lib/armv7e-m/fpu\libc.a(lib_a-atexit.o) (__register_exitproc)

Allocating common symbols
Common symbol       size              file

xQueueRegistry      0x40              FreeRTOS/Source/queue.o

Discarded input sections

 .text          0x00000000        0x0 c:/ac6/systemworkbench/plugins/fr.ac6.mcu.externaltools.arm-none.win32_1.13.2.201703061525/tools/compiler/bin/../lib/gcc/arm-none-eabi/5.4.1/armv7e-m/fpu/crti.o
 .data          0x00000000        0x0 c:/ac6/systemworkbench/plugins/fr.ac6.mcu.externaltools.arm-none.win32_1.13.2.201703061525/tools/compiler/bin/../lib/gcc/arm-none-eabi/5.4.1/armv7e-m/fpu/crti.o
 .bss           0x00000000        0x0 c:/ac6/systemworkbench/plugins/fr.ac6.mcu.externaltools.arm-none.win32_1.13.2.201703061525/tools/compiler/bin/../lib/gcc/arm-none-eabi/5.4.1/armv7e-m/fpu/crti.o
[...]
Memory Configuration

Name             Origin             Length             Attributes
RAM              0x20000000         0x00030000         xrw
ROM              0x08000000         0x00200000         xr
*default*        0x00000000         0xffffffff

Linker script and memory map

LOAD c:/ac6/systemworkbench/plugins/fr.ac6.mcu.externaltools.arm-none.win32_1.13.2.201703061525/tools/compiler/bin/../lib/gcc/arm-none-eabi/5.4.1/armv7e-m/fpu/crti.o
LOAD c:/ac6/systemworkbench/plugins/fr.ac6.mcu.externaltools.arm-none.win32_1.13.2.201703061525/tools/compiler/bin/../lib/gcc/arm-none-eabi/5.4.1/armv7e-m/fpu/crtbegin.o
LOAD c:/ac6/systemworkbench/plugins/fr.ac6.mcu.externaltools.arm-none.win32_1.13.2.201703061525/tools/compiler/bin/../lib/gcc/arm-none-eabi/5.4.1/../../../../arm-none-eabi/lib/armv7e-m/fpu/crt0.o
LOAD c:/ac6/systemworkbench/plugins/fr.ac6.mcu.externaltools.arm-none.win32_1.13.2.201703061525/tools/compiler/bin/../lib/gcc/arm-none-eabi/5.4.1/../../../../arm-none-eabi/lib/armv7e-m/fpu\libm.a
LOAD FreeRTOS/Source/croutine.o
LOAD FreeRTOS/Source/event_groups.o
LOAD FreeRTOS/Source/list.o
LOAD FreeRTOS/Source/queue.o
LOAD FreeRTOS/Source/tasks.o
LOAD FreeRTOS/Source/timers.o
LOAD FreeRTOS/Source/portable/GCC/ARM_CM4F/port.o
LOAD FreeRTOS/Source/portable/MemMang/heap_4.o
LOAD StdPeriph_Driver/src/misc.o
LOAD StdPeriph_Driver/src/stm32f4xx_adc.o
LOAD StdPeriph_Driver/src/stm32f4xx_can.o
LOAD StdPeriph_Driver/src/stm32f4xx_cec.o
LOAD StdPeriph_Driver/src/stm32f4xx_crc.o
LOAD StdPeriph_Driver/src/stm32f4xx_cryp.o
LOAD StdPeriph_Driver/src/stm32f4xx_cryp_aes.o
LOAD StdPeriph_Driver/src/stm32f4xx_cryp_des.o
LOAD StdPeriph_Driver/src/stm32f4xx_cryp_tdes.o
LOAD StdPeriph_Driver/src/stm32f4xx_dac.o
LOAD StdPeriph_Driver/src/stm32f4xx_dbgmcu.o
LOAD StdPeriph_Driver/src/stm32f4xx_dcmi.o
LOAD StdPeriph_Driver/src/stm32f4xx_dfsdm.o
LOAD StdPeriph_Driver/src/stm32f4xx_dma.o
LOAD StdPeriph_Driver/src/stm32f4xx_dma2d.o
LOAD StdPeriph_Driver/src/stm32f4xx_dsi.o
LOAD StdPeriph_Driver/src/stm32f4xx_exti.o
LOAD StdPeriph_Driver/src/stm32f4xx_flash.o
LOAD StdPeriph_Driver/src/stm32f4xx_flash_ramfunc.o
LOAD StdPeriph_Driver/src/stm32f4xx_fmc.o
LOAD StdPeriph_Driver/src/stm32f4xx_fmip2c.o
LOAD StdPeriph_Driver/src/stm32f4xx_fsmc.o
LOAD StdPeriph_Driver/src/stm32f4xx_gpio.o
LOAD StdPeriph_Driver/src/stm32f4xx_hash.o
LOAD StdPeriph_Driver/src/stm32f4xx_hash_md5.o
LOAD StdPeriph_Driver/src/stm32f4xx_hash_sha1.o
LOAD StdPeriph_Driver/src/stm32f4xx_i2c.o
LOAD StdPeriph_Driver/src/stm32f4xx_iwdg.o
LOAD StdPeriph_Driver/src/stm32f4xx_lptim.o
LOAD StdPeriph_Driver/src/stm32f4xx_ltdc.o
LOAD StdPeriph_Driver/src/stm32f4xx_pwr.o
LOAD StdPeriph_Driver/src/stm32f4xx_qspi.o
LOAD StdPeriph_Driver/src/stm32f4xx_rcc.o
LOAD StdPeriph_Driver/src/stm32f4xx_rng.o
LOAD StdPeriph_Driver/src/stm32f4xx_rtc.o
LOAD StdPeriph_Driver/src/stm32f4xx_sai.o
LOAD StdPeriph_Driver/src/stm32f4xx_sdio.o
LOAD StdPeriph_Driver/src/stm32f4xx_spdifrx.o
LOAD StdPeriph_Driver/src/stm32f4xx_spi.o
LOAD StdPeriph_Driver/src/stm32f4xx_syscfg.o
LOAD StdPeriph_Driver/src/stm32f4xx_tim.o
LOAD StdPeriph_Driver/src/stm32f4xx_usart.o
LOAD StdPeriph_Driver/src/stm32f4xx_wwdg.o
LOAD src/main.o
LOAD src/syscalls.o
LOAD src/system_stm32f4xx.o
LOAD startup/startup_stm32.o
START GROUP
LOAD c:/ac6/systemworkbench/plugins/fr.ac6.mcu.externaltools.arm-none.win32_1.13.2.201703061525/tools/compiler/bin/../lib/gcc/arm-none-eabi/5.4.1/armv7e-m/fpu\libgcc.a
LOAD c:/ac6/systemworkbench/plugins/fr.ac6.mcu.externaltools.arm-none.win32_1.13.2.201703061525/tools/compiler/bin/../lib/gcc/arm-none-eabi/5.4.1/../../../../arm-none-eabi/lib/armv7e-m/fpu\libc.a
END GROUP
LOAD c:/ac6/systemworkbench/plugins/fr.ac6.mcu.externaltools.arm-none.win32_1.13.2.201703061525/tools/compiler/bin/../lib/gcc/arm-none-eabi/5.4.1/armv7e-m/fpu/crtend.o
LOAD c:/ac6/systemworkbench/plugins/fr.ac6.mcu.externaltools.arm-none.win32_1.13.2.201703061525/tools/compiler/bin/../lib/gcc/arm-none-eabi/5.4.1/armv7e-m/fpu/crtn.o
                0x20030000                _estack = 0x20030000
                0x00000000                _Min_Heap_Size = 0x0
                0x00000400                _Min_Stack_Size = 0x400

.isr_vector     0x08000000      0x188
                0x08000000                . = ALIGN (0x4)
 *(.isr_vector)
 .isr_vector    0x08000000      0x188 startup/startup_stm32.o
                0x08000000                g_pfnVectors
                0x08000188                . = ALIGN (0x4)

.text           0x08000190     0x1898
                0x08000190                . = ALIGN (0x4)
 *(.text)
 .text          0x08000190       0x5c c:/ac6/systemworkbench/plugins/fr.ac6.mcu.externaltools.arm-none.win32_1.13.2.201703061525/tools/compiler/bin/../lib/gcc/arm-none-eabi/5.4.1/armv7e-m/fpu/crtbegin.o
 *(.text*)
 .text.vListInitialise
                0x080001ec       0x40 FreeRTOS/Source/list.o
                0x080001ec                vListInitialise
 .text.vListInitialiseItem
                0x0800022c       0x1c FreeRTOS/Source/list.o
                0x0800022c                vListInitialiseItem
 .text.vListInsertEnd
                0x08000248       0x48 FreeRTOS/Source/list.o
                0x08000248                vListInsertEnd
 .text.uxListRemove
                0x08000290       0x54 FreeRTOS/Source/list.o
                0x08000290                uxListRemove
 .text.xTaskCreate
                0x080002e4       0x84 FreeRTOS/Source/tasks.o
                0x080002e4                xTaskCreate
 .text.prvInitialiseNewTask
                0x08000368      0x10c FreeRTOS/Source/tasks.o
 .text.prvAddNewTaskToReadyList
                0x08000474       0xdc FreeRTOS/Source/tasks.o
 .text.vTaskStartScheduler
                0x08000550       0x8c FreeRTOS/Source/tasks.o
                0x08000550                vTaskStartScheduler
 .text.vTaskSuspendAll
                0x080005dc       0x1c FreeRTOS/Source/tasks.o
                0x080005dc                vTaskSuspendAll
 .text.xTaskResumeAll
                0x080005f8      0x138 FreeRTOS/Source/tasks.o
                0x080005f8                xTaskResumeAll
 .text.xTaskIncrementTick
                0x08000730      0x178 FreeRTOS/Source/tasks.o
                0x08000730                xTaskIncrementTick
 .text.vTaskSwitchContext
                0x080008a8       0xb4 FreeRTOS/Source/tasks.o
                0x080008a8                vTaskSwitchContext
 .text.prvIdleTask
                0x0800095c       0x30 FreeRTOS/Source/tasks.o
 .text.prvInitialiseTaskLists
                0x0800098c       0x80 FreeRTOS/Source/tasks.o
 .text.prvCheckTasksWaitingTermination
                0x08000a0c       0x78 FreeRTOS/Source/tasks.o
 .text.prvDeleteTCB
                0x08000a84       0x20 FreeRTOS/Source/tasks.o
 .text.prvResetNextTaskUnblockTime
                0x08000aa4       0x4c FreeRTOS/Source/tasks.o
 .text.pxPortInitialiseStack
                0x08000af0       0x68 FreeRTOS/Source/portable/GCC/ARM_CM4F/port.o
                0x08000af0                pxPortInitialiseStack
 .text.prvTaskExitError
                0x08000b58       0x54 FreeRTOS/Source/portable/GCC/ARM_CM4F/port.o
 *fill*         0x08000bac        0x4 
 .text.SVC_Handler
                0x08000bb0       0x28 FreeRTOS/Source/portable/GCC/ARM_CM4F/port.o
                0x08000bb0                SVC_Handler
 .text.prvPortStartFirstTask
                0x08000bd8       0x28 FreeRTOS/Source/portable/GCC/ARM_CM4F/port.o
 .text.xPortStartScheduler
                0x08000c00      0x15c FreeRTOS/Source/portable/GCC/ARM_CM4F/port.o
                0x08000c00                xPortStartScheduler
 .text.vPortEnterCritical
                0x08000d5c       0x5c FreeRTOS/Source/portable/GCC/ARM_CM4F/port.o
                0x08000d5c                vPortEnterCritical
 .text.vPortExitCritical
                0x08000db8       0x50 FreeRTOS/Source/portable/GCC/ARM_CM4F/port.o
                0x08000db8                vPortExitCritical
 *fill*         0x08000e08        0x8 
 .text.PendSV_Handler
                0x08000e10       0x68 FreeRTOS/Source/portable/GCC/ARM_CM4F/port.o
                0x08000e10                PendSV_Handler
 .text.SysTick_Handler
                0x08000e78       0x40 FreeRTOS/Source/portable/GCC/ARM_CM4F/port.o
                0x08000e78                SysTick_Handler
 .text.vPortSetupTimerInterrupt
                0x08000eb8       0x38 FreeRTOS/Source/portable/GCC/ARM_CM4F/port.o
                0x08000eb8                vPortSetupTimerInterrupt
 .text.vPortEnableVFP
                0x08000ef0       0x14 FreeRTOS/Source/portable/GCC/ARM_CM4F/port.o
 .text.pvPortMalloc
                0x08000f04      0x184 FreeRTOS/Source/portable/MemMang/heap_4.o
                0x08000f04                pvPortMalloc
 .text.vPortFree
                0x08001088       0xb0 FreeRTOS/Source/portable/MemMang/heap_4.o
                0x08001088                vPortFree
 .text.prvHeapInit
                0x08001138       0xc4 FreeRTOS/Source/portable/MemMang/heap_4.o
 .text.prvInsertBlockIntoFreeList
                0x080011fc       0xb4 FreeRTOS/Source/portable/MemMang/heap_4.o
 .text.FLASH_SetLatency
                0x080012b0       0x20 StdPeriph_Driver/src/stm32f4xx_flash.o
                0x080012b0                FLASH_SetLatency
 .text.FLASH_PrefetchBufferCmd
                0x080012d0       0x3c StdPeriph_Driver/src/stm32f4xx_flash.o
                0x080012d0                FLASH_PrefetchBufferCmd
 .text.RCC_DeInit
                0x0800130c       0x70 StdPeriph_Driver/src/stm32f4xx_rcc.o
                0x0800130c                RCC_DeInit
 .text.RCC_HSEConfig
                0x0800137c       0x28 StdPeriph_Driver/src/stm32f4xx_rcc.o
                0x0800137c                RCC_HSEConfig
 .text.RCC_WaitForHSEStartUp
                0x080013a4       0x50 StdPeriph_Driver/src/stm32f4xx_rcc.o
                0x080013a4                RCC_WaitForHSEStartUp
 .text.RCC_PLLConfig
                0x080013f4       0x40 StdPeriph_Driver/src/stm32f4xx_rcc.o
                0x080013f4                RCC_PLLConfig
 .text.RCC_PLLCmd
                0x08001434       0x20 StdPeriph_Driver/src/stm32f4xx_rcc.o
                0x08001434                RCC_PLLCmd
 .text.RCC_SYSCLKConfig
                0x08001454       0x38 StdPeriph_Driver/src/stm32f4xx_rcc.o
                0x08001454                RCC_SYSCLKConfig
 .text.RCC_GetSYSCLKSource
                0x0800148c       0x20 StdPeriph_Driver/src/stm32f4xx_rcc.o
                0x0800148c                RCC_GetSYSCLKSource
 .text.RCC_HCLKConfig
                0x080014ac       0x38 StdPeriph_Driver/src/stm32f4xx_rcc.o
                0x080014ac                RCC_HCLKConfig
 .text.RCC_PCLK1Config
                0x080014e4       0x38 StdPeriph_Driver/src/stm32f4xx_rcc.o
                0x080014e4                RCC_PCLK1Config
 .text.RCC_PCLK2Config
                0x0800151c       0x3c StdPeriph_Driver/src/stm32f4xx_rcc.o
                0x0800151c                RCC_PCLK2Config
 .text.RCC_GetFlagStatus
                0x08001558       0x74 StdPeriph_Driver/src/stm32f4xx_rcc.o
                0x08001558                RCC_GetFlagStatus
 .text.main     0x080015cc       0x10 src/main.o
                0x080015cc                main
 .text.prvSetupHardware
                0x080015dc       0x78 src/main.o
 .text.SystemInit
                0x08001654       0x6c src/system_stm32f4xx.o
                0x08001654                SystemInit
 .text.SetSysClock
                0x080016c0      0x12c src/system_stm32f4xx.o
 .text.Reset_Handler
                0x080017ec       0x48 startup/startup_stm32.o
                0x080017ec                Reset_Handler
 .text.Default_Handler
                0x08001834        0x2 startup/startup_stm32.o
                0x08001834                HardFault_Handler
                0x08001834                NMI_Handler
                0x08001834                UsageFault_Handler
                0x08001834                Default_Handler
                0x08001834                MemManage_Handler
                0x08001834                BusFault_Handler
                0x08001834                DebugMon_Handler
 *fill*         0x08001836        0x2 
 .text.__libc_init_array
                0x08001838       0x50 c:/ac6/systemworkbench/plugins/fr.ac6.mcu.externaltools.arm-none.win32_1.13.2.201703061525/tools/compiler/bin/../lib/gcc/arm-none-eabi/5.4.1/../../../../arm-none-eabi/lib/armv7e-m/fpu\libc.a(lib_a-init.o)
                0x08001838                __libc_init_array
 .text.memset   0x08001888       0x9c c:/ac6/systemworkbench/plugins/fr.ac6.mcu.externaltools.arm-none.win32_1.13.2.201703061525/tools/compiler/bin/../lib/gcc/arm-none-eabi/5.4.1/../../../../arm-none-eabi/lib/armv7e-m/fpu\libc.a(lib_a-memset.o)
                0x08001888                memset
 .text.startup.register_fini
                0x08001924       0x14 c:/ac6/systemworkbench/plugins/fr.ac6.mcu.externaltools.arm-none.win32_1.13.2.201703061525/tools/compiler/bin/../lib/gcc/arm-none-eabi/5.4.1/../../../../arm-none-eabi/lib/armv7e-m/fpu\libc.a(lib_a-__call_atexit.o)
 .text.atexit   0x08001938        0xc c:/ac6/systemworkbench/plugins/fr.ac6.mcu.externaltools.arm-none.win32_1.13.2.201703061525/tools/compiler/bin/../lib/gcc/arm-none-eabi/5.4.1/../../../../arm-none-eabi/lib/armv7e-m/fpu\libc.a(lib_a-atexit.o)
                0x08001938                atexit
 .text.__libc_fini_array
                0x08001944       0x28 c:/ac6/systemworkbench/plugins/fr.ac6.mcu.externaltools.arm-none.win32_1.13.2.201703061525/tools/compiler/bin/../lib/gcc/arm-none-eabi/5.4.1/../../../../arm-none-eabi/lib/armv7e-m/fpu\libc.a(lib_a-fini.o)
                0x08001944                __libc_fini_array
 .text.__register_exitproc
                0x0800196c       0xa4 c:/ac6/systemworkbench/plugins/fr.ac6.mcu.externaltools.arm-none.win32_1.13.2.201703061525/tools/compiler/bin/../lib/gcc/arm-none-eabi/5.4.1/../../../../arm-none-eabi/lib/armv7e-m/fpu\libc.a(lib_a-__atexit.o)
                0x0800196c                __register_exitproc
 *(.glue_7)
 .glue_7        0x08001a10        0x0 linker stubs
 *(.glue_7t)
 .glue_7t       0x08001a10        0x0 linker stubs
 *(.eh_frame)
 .eh_frame      0x08001a10        0x0 c:/ac6/systemworkbench/plugins/fr.ac6.mcu.externaltools.arm-none.win32_1.13.2.201703061525/tools/compiler/bin/../lib/gcc/arm-none-eabi/5.4.1/armv7e-m/fpu/crtbegin.o
 *(.init)
 .init          0x08001a10        0x4 c:/ac6/systemworkbench/plugins/fr.ac6.mcu.externaltools.arm-none.win32_1.13.2.201703061525/tools/compiler/bin/../lib/gcc/arm-none-eabi/5.4.1/armv7e-m/fpu/crti.o
                0x08001a10                _init
 .init          0x08001a14        0x8 c:/ac6/systemworkbench/plugins/fr.ac6.mcu.externaltools.arm-none.win32_1.13.2.201703061525/tools/compiler/bin/../lib/gcc/arm-none-eabi/5.4.1/armv7e-m/fpu/crtn.o
 *(.fini)
 .fini          0x08001a1c        0x4 c:/ac6/systemworkbench/plugins/fr.ac6.mcu.externaltools.arm-none.win32_1.13.2.201703061525/tools/compiler/bin/../lib/gcc/arm-none-eabi/5.4.1/armv7e-m/fpu/crti.o
                0x08001a1c                _fini
 .fini          0x08001a20        0x8 c:/ac6/systemworkbench/plugins/fr.ac6.mcu.externaltools.arm-none.win32_1.13.2.201703061525/tools/compiler/bin/../lib/gcc/arm-none-eabi/5.4.1/armv7e-m/fpu/crtn.o
                0x08001a28                . = ALIGN (0x4)
                0x08001a28                _etext = .

.vfp11_veneer   0x08001a28        0x0
 .vfp11_veneer  0x08001a28        0x0 linker stubs

.v4_bx          0x08001a28        0x0
 .v4_bx         0x08001a28        0x0 linker stubs

.iplt           0x08001a28        0x0
 .iplt          0x08001a28        0x0 c:/ac6/systemworkbench/plugins/fr.ac6.mcu.externaltools.arm-none.win32_1.13.2.201703061525/tools/compiler/bin/../lib/gcc/arm-none-eabi/5.4.1/armv7e-m/fpu/crtbegin.o

.rodata         0x08001a28        0xc
                0x08001a28                . = ALIGN (0x4)
 *(.rodata)
 .rodata        0x08001a28        0x5 FreeRTOS/Source/tasks.o
 *(.rodata*)
 *fill*         0x08001a2d        0x3 
 .rodata._global_impure_ptr
                0x08001a30        0x4 c:/ac6/systemworkbench/plugins/fr.ac6.mcu.externaltools.arm-none.win32_1.13.2.201703061525/tools/compiler/bin/../lib/gcc/arm-none-eabi/5.4.1/../../../../arm-none-eabi/lib/armv7e-m/fpu\libc.a(lib_a-impure.o)
                0x08001a30                _global_impure_ptr
                0x08001a34                . = ALIGN (0x4)

.rel.dyn        0x08001a34        0x0
 .rel.iplt      0x08001a34        0x0 c:/ac6/systemworkbench/plugins/fr.ac6.mcu.externaltools.arm-none.win32_1.13.2.201703061525/tools/compiler/bin/../lib/gcc/arm-none-eabi/5.4.1/armv7e-m/fpu/crtbegin.o

.ARM.extab      0x08001a34        0x0
                0x08001a34                . = ALIGN (0x4)
 *(.ARM.extab* .gnu.linkonce.armextab.*)
                0x08001a34                . = ALIGN (0x4)

.ARM            0x08001a34        0x0
                0x08001a34                . = ALIGN (0x4)
                0x08001a34                __exidx_start = .
 *(.ARM.exidx*)
                0x08001a34                __exidx_end = .
                0x08001a34                . = ALIGN (0x4)

.preinit_array  0x08001a34        0x0
                0x08001a34                . = ALIGN (0x4)
                0x08001a34                PROVIDE (__preinit_array_start, .)
 *(.preinit_array*)
                0x08001a34                PROVIDE (__preinit_array_end, .)
                0x08001a34                . = ALIGN (0x4)

.init_array     0x08001a34        0x8
                0x08001a34                . = ALIGN (0x4)
                0x08001a34                PROVIDE (__init_array_start, .)
 *(SORT(.init_array.*))
 .init_array.00000
                0x08001a34        0x4 c:/ac6/systemworkbench/plugins/fr.ac6.mcu.externaltools.arm-none.win32_1.13.2.201703061525/tools/compiler/bin/../lib/gcc/arm-none-eabi/5.4.1/../../../../arm-none-eabi/lib/armv7e-m/fpu\libc.a(lib_a-__call_atexit.o)
 *(.init_array*)
 .init_array    0x08001a38        0x4 c:/ac6/systemworkbench/plugins/fr.ac6.mcu.externaltools.arm-none.win32_1.13.2.201703061525/tools/compiler/bin/../lib/gcc/arm-none-eabi/5.4.1/armv7e-m/fpu/crtbegin.o
                0x08001a3c                PROVIDE (__init_array_end, .)
                0x08001a3c                . = ALIGN (0x4)

.fini_array     0x08001a3c        0x4
                0x08001a3c                . = ALIGN (0x4)
                0x08001a3c                PROVIDE (__fini_array_start, .)
 *(SORT(.fini_array.*))
 *(.fini_array*)
 .fini_array    0x08001a3c        0x4 c:/ac6/systemworkbench/plugins/fr.ac6.mcu.externaltools.arm-none.win32_1.13.2.201703061525/tools/compiler/bin/../lib/gcc/arm-none-eabi/5.4.1/armv7e-m/fpu/crtbegin.o
                0x08001a40                PROVIDE (__fini_array_end, .)
                0x08001a40                . = ALIGN (0x4)
                0x08001a40                _sidata = LOADADDR (.data)

.data           0x20000000      0x430 load address 0x08001a40
                0x20000000                . = ALIGN (0x4)
                0x20000000                _sdata = .
 *(.data)
 .data          0x20000000        0x4 FreeRTOS/Source/portable/GCC/ARM_CM4F/port.o
 *(.data*)
 *fill*         0x20000004        0x4 
 .data.impure_data
                0x20000008      0x428 c:/ac6/systemworkbench/plugins/fr.ac6.mcu.externaltools.arm-none.win32_1.13.2.201703061525/tools/compiler/bin/../lib/gcc/arm-none-eabi/5.4.1/../../../../arm-none-eabi/lib/armv7e-m/fpu\libc.a(lib_a-impure.o)
                0x20000430                . = ALIGN (0x4)
                0x20000430                _edata = .

.jcr            0x20000430        0x0 load address 0x08001e70
 .jcr           0x20000430        0x0 c:/ac6/systemworkbench/plugins/fr.ac6.mcu.externaltools.arm-none.win32_1.13.2.201703061525/tools/compiler/bin/../lib/gcc/arm-none-eabi/5.4.1/armv7e-m/fpu/crtbegin.o

.igot.plt       0x20000430        0x0 load address 0x08001e70
 .igot.plt      0x20000430        0x0 c:/ac6/systemworkbench/plugins/fr.ac6.mcu.externaltools.arm-none.win32_1.13.2.201703061525/tools/compiler/bin/../lib/gcc/arm-none-eabi/5.4.1/armv7e-m/fpu/crtbegin.o
                0x20000430                . = ALIGN (0x4)

.bss            0x20000430    0x12d40 load address 0x08001e70
                0x20000430                _sbss = .
                0x20000430                __bss_start__ = _sbss
 *(.bss)
 .bss           0x20000430       0x1c c:/ac6/systemworkbench/plugins/fr.ac6.mcu.externaltools.arm-none.win32_1.13.2.201703061525/tools/compiler/bin/../lib/gcc/arm-none-eabi/5.4.1/armv7e-m/fpu/crtbegin.o
 .bss           0x2000044c      0x104 FreeRTOS/Source/tasks.o
                0x2000044c                pxCurrentTCB
 .bss           0x20000550        0x8 FreeRTOS/Source/portable/GCC/ARM_CM4F/port.o
 .bss           0x20000558    0x12c18 FreeRTOS/Source/portable/MemMang/heap_4.o
 *(.bss*)
 *(COMMON)
                0x20013170                . = ALIGN (0x4)
                0x20013170                _ebss = .
                0x20013170                __bss_end__ = _ebss

._user_heap_stack
                0x20013170      0x400 load address 0x08001e70
                0x20013170                . = ALIGN (0x8)
                0x20013170                PROVIDE (end, .)
                [!provide]                PROVIDE (_end, .)
                0x20013170                . = (. + _Min_Heap_Size)
                0x20013570                . = (. + _Min_Stack_Size)
 *fill*         0x20013170      0x400 
                0x20013570                . = ALIGN (0x8)

/DISCARD/
 libc.a(*)
 libm.a(*)
 libgcc.a(*)

.ARM.attributes
                0x00000000       0x30
 *(.ARM.attributes)
 .ARM.attributes
                0x00000000       0x22 c:/ac6/systemworkbench/plugins/fr.ac6.mcu.externaltools.arm-none.win32_1.13.2.201703061525/tools/compiler/bin/../lib/gcc/arm-none-eabi/5.4.1/armv7e-m/fpu/crti.o
 .ARM.attributes
                0x00000022       0x34 c:/ac6/systemworkbench/plugins/fr.ac6.mcu.externaltools.arm-none.win32_1.13.2.201703061525/tools/compiler/bin/../lib/gcc/arm-none-eabi/5.4.1/armv7e-m/fpu/crtbegin.o
 .ARM.attributes
                0x00000056       0x39 FreeRTOS/Source/list.o
 .ARM.attributes
                0x0000008f       0x39 FreeRTOS/Source/tasks.o
 .ARM.attributes
                0x000000c8       0x39 FreeRTOS/Source/portable/GCC/ARM_CM4F/port.o
 .ARM.attributes
                0x00000101       0x39 FreeRTOS/Source/portable/MemMang/heap_4.o
 .ARM.attributes
                0x0000013a       0x39 StdPeriph_Driver/src/stm32f4xx_flash.o
 .ARM.attributes
                0x00000173       0x39 StdPeriph_Driver/src/stm32f4xx_rcc.o
 .ARM.attributes
                0x000001ac       0x39 src/main.o
 .ARM.attributes
                0x000001e5       0x39 src/system_stm32f4xx.o
 .ARM.attributes
                0x0000021e       0x25 startup/startup_stm32.o
 .ARM.attributes
                0x00000243       0x34 c:/ac6/systemworkbench/plugins/fr.ac6.mcu.externaltools.arm-none.win32_1.13.2.201703061525/tools/compiler/bin/../lib/gcc/arm-none-eabi/5.4.1/../../../../arm-none-eabi/lib/armv7e-m/fpu\libc.a(lib_a-impure.o)
 .ARM.attributes
                0x00000277       0x34 c:/ac6/systemworkbench/plugins/fr.ac6.mcu.externaltools.arm-none.win32_1.13.2.201703061525/tools/compiler/bin/../lib/gcc/arm-none-eabi/5.4.1/../../../../arm-none-eabi/lib/armv7e-m/fpu\libc.a(lib_a-init.o)
 .ARM.attributes
                0x000002ab       0x34 c:/ac6/systemworkbench/plugins/fr.ac6.mcu.externaltools.arm-none.win32_1.13.2.201703061525/tools/compiler/bin/../lib/gcc/arm-none-eabi/5.4.1/../../../../arm-none-eabi/lib/armv7e-m/fpu\libc.a(lib_a-memset.o)
 .ARM.attributes
                0x000002df       0x34 c:/ac6/systemworkbench/plugins/fr.ac6.mcu.externaltools.arm-none.win32_1.13.2.201703061525/tools/compiler/bin/../lib/gcc/arm-none-eabi/5.4.1/../../../../arm-none-eabi/lib/armv7e-m/fpu\libc.a(lib_a-__call_atexit.o)
 .ARM.attributes
                0x00000313       0x34 c:/ac6/systemworkbench/plugins/fr.ac6.mcu.externaltools.arm-none.win32_1.13.2.201703061525/tools/compiler/bin/../lib/gcc/arm-none-eabi/5.4.1/../../../../arm-none-eabi/lib/armv7e-m/fpu\libc.a(lib_a-atexit.o)
 .ARM.attributes
                0x00000347       0x34 c:/ac6/systemworkbench/plugins/fr.ac6.mcu.externaltools.arm-none.win32_1.13.2.201703061525/tools/compiler/bin/../lib/gcc/arm-none-eabi/5.4.1/../../../../arm-none-eabi/lib/armv7e-m/fpu\libc.a(lib_a-fini.o)
 .ARM.attributes
                0x0000037b       0x34 c:/ac6/systemworkbench/plugins/fr.ac6.mcu.externaltools.arm-none.win32_1.13.2.201703061525/tools/compiler/bin/../lib/gcc/arm-none-eabi/5.4.1/../../../../arm-none-eabi/lib/armv7e-m/fpu\libc.a(lib_a-__atexit.o)
 .ARM.attributes
                0x000003af       0x22 c:/ac6/systemworkbench/plugins/fr.ac6.mcu.externaltools.arm-none.win32_1.13.2.201703061525/tools/compiler/bin/../lib/gcc/arm-none-eabi/5.4.1/armv7e-m/fpu/crtn.o
OUTPUT(F429_FreeRTOS.elf elf32-littlearm)

.debug_info     0x00000000     0x48fe
 .debug_info    0x00000000      0x2d3 FreeRTOS/Source/list.o
 .debug_info    0x000002d3     0x1d51 FreeRTOS/Source/tasks.o
 .debug_info    0x00002024      0x581 FreeRTOS/Source/portable/GCC/ARM_CM4F/port.o
 .debug_info    0x000025a5      0x3ff FreeRTOS/Source/portable/MemMang/heap_4.o
 .debug_info    0x000029a4      0x944 StdPeriph_Driver/src/stm32f4xx_flash.o
 .debug_info    0x000032e8      0xe6f StdPeriph_Driver/src/stm32f4xx_rcc.o
 .debug_info    0x00004157      0x132 src/main.o
 .debug_info    0x00004289      0x611 src/system_stm32f4xx.o
 .debug_info    0x0000489a       0x64 startup/startup_stm32.o

.debug_abbrev   0x00000000      0xc7e
 .debug_abbrev  0x00000000       0xdb FreeRTOS/Source/list.o
 .debug_abbrev  0x000000db      0x2b0 FreeRTOS/Source/tasks.o
 .debug_abbrev  0x0000038b      0x1f6 FreeRTOS/Source/portable/GCC/ARM_CM4F/port.o
 .debug_abbrev  0x00000581      0x1d4 FreeRTOS/Source/portable/MemMang/heap_4.o
 .debug_abbrev  0x00000755      0x176 StdPeriph_Driver/src/stm32f4xx_flash.o
 .debug_abbrev  0x000008cb      0x1c1 StdPeriph_Driver/src/stm32f4xx_rcc.o
 .debug_abbrev  0x00000a8c       0xa3 src/main.o
 .debug_abbrev  0x00000b2f      0x13d src/system_stm32f4xx.o
 .debug_abbrev  0x00000c6c       0x12 startup/startup_stm32.o

.debug_aranges  0x00000000      0x670
 .debug_aranges
                0x00000000       0x40 FreeRTOS/Source/list.o
 .debug_aranges
                0x00000040      0x1c8 FreeRTOS/Source/tasks.o
 .debug_aranges
                0x00000208       0x80 FreeRTOS/Source/portable/GCC/ARM_CM4F/port.o
 .debug_aranges
                0x00000288       0x50 FreeRTOS/Source/portable/MemMang/heap_4.o
 .debug_aranges
                0x000002d8      0x158 StdPeriph_Driver/src/stm32f4xx_flash.o
 .debug_aranges
                0x00000430      0x1c0 StdPeriph_Driver/src/stm32f4xx_rcc.o
 .debug_aranges
                0x000005f0       0x28 src/main.o
 .debug_aranges
                0x00000618       0x30 src/system_stm32f4xx.o
 .debug_aranges
                0x00000648       0x28 startup/startup_stm32.o

.debug_ranges   0x00000000      0x5e8
 .debug_ranges  0x00000000       0x30 FreeRTOS/Source/list.o
 .debug_ranges  0x00000030      0x1b8 FreeRTOS/Source/tasks.o
 .debug_ranges  0x000001e8       0x70 FreeRTOS/Source/portable/GCC/ARM_CM4F/port.o
 .debug_ranges  0x00000258       0x40 FreeRTOS/Source/portable/MemMang/heap_4.o
 .debug_ranges  0x00000298      0x148 StdPeriph_Driver/src/stm32f4xx_flash.o
 .debug_ranges  0x000003e0      0x1b0 StdPeriph_Driver/src/stm32f4xx_rcc.o
 .debug_ranges  0x00000590       0x18 src/main.o
 .debug_ranges  0x000005a8       0x20 src/system_stm32f4xx.o
 .debug_ranges  0x000005c8       0x20 startup/startup_stm32.o

.debug_macro    0x00000000     0x19a1
 .debug_macro   0x00000000      0x2eb FreeRTOS/Source/list.o
 .debug_macro   0x000002eb      0x3ca FreeRTOS/Source/tasks.o
 .debug_macro   0x000006b5       0x11 FreeRTOS/Source/tasks.o
 .debug_macro   0x000006c6      0x306 FreeRTOS/Source/portable/GCC/ARM_CM4F/port.o
 .debug_macro   0x000009cc      0x312 FreeRTOS/Source/portable/MemMang/heap_4.o
 .debug_macro   0x00000cde      0x1d9 StdPeriph_Driver/src/stm32f4xx_flash.o
 .debug_macro   0x00000eb7      0x416 StdPeriph_Driver/src/stm32f4xx_flash.o
 .debug_macro   0x000012cd      0x2a6 StdPeriph_Driver/src/stm32f4xx_rcc.o
 .debug_macro   0x00001573      0x241 src/main.o
 .debug_macro   0x000017b4      0x1ed src/system_stm32f4xx.o

.debug_line     0x00000000     0x5092
 .debug_line    0x00000000      0x823 FreeRTOS/Source/list.o
 .debug_line    0x00000823     0x13bc FreeRTOS/Source/tasks.o
 .debug_line    0x00001bdf      0x96b FreeRTOS/Source/portable/GCC/ARM_CM4F/port.o
 .debug_line    0x0000254a      0x907 FreeRTOS/Source/portable/MemMang/heap_4.o
 .debug_line    0x00002e51      0x980 StdPeriph_Driver/src/stm32f4xx_flash.o
 .debug_line    0x000037d1      0xa74 StdPeriph_Driver/src/stm32f4xx_rcc.o
 .debug_line    0x00004245      0x74f src/main.o
 .debug_line    0x00004994      0x685 src/system_stm32f4xx.o
 .debug_line    0x00005019       0x79 startup/startup_stm32.o

.debug_str      0x00000000    0x6d48b
 .debug_str     0x00000000    0x694d3 FreeRTOS/Source/list.o
                              0x69784 (size before relaxing)
 .debug_str     0x000694d3     0x21a7 FreeRTOS/Source/tasks.o
                              0x6b961 (size before relaxing)
 .debug_str     0x0006b67a      0x7eb FreeRTOS/Source/portable/GCC/ARM_CM4F/port.o
                              0x67d25 (size before relaxing)
 .debug_str     0x0006be65      0x242 FreeRTOS/Source/portable/MemMang/heap_4.o
                              0x69ea5 (size before relaxing)
 .debug_str     0x0006c0a7      0x512 StdPeriph_Driver/src/stm32f4xx_flash.o
                              0x640ca (size before relaxing)
 .debug_str     0x0006c5b9      0xda6 StdPeriph_Driver/src/stm32f4xx_rcc.o
                              0x649bd (size before relaxing)
 .debug_str     0x0006d35f       0x24 src/main.o
                              0x674a2 (size before relaxing)
 .debug_str     0x0006d383      0x108 src/system_stm32f4xx.o
                              0x63e0b (size before relaxing)

.comment        0x00000000       0x6e
 .comment       0x00000000       0x6e FreeRTOS/Source/list.o
                                 0x6f (size before relaxing)
 .comment       0x0000006e       0x6f FreeRTOS/Source/tasks.o
 .comment       0x0000006e       0x6f FreeRTOS/Source/portable/GCC/ARM_CM4F/port.o
 .comment       0x0000006e       0x6f FreeRTOS/Source/portable/MemMang/heap_4.o
 .comment       0x0000006e       0x6f StdPeriph_Driver/src/stm32f4xx_flash.o
 .comment       0x0000006e       0x6f StdPeriph_Driver/src/stm32f4xx_rcc.o
 .comment       0x0000006e       0x6f src/main.o
 .comment       0x0000006e       0x6f src/system_stm32f4xx.o

.debug_frame    0x00000000     0x1b3c
 .debug_frame   0x00000000       0xd8 FreeRTOS/Source/list.o
 .debug_frame   0x000000d8      0x7c0 FreeRTOS/Source/tasks.o
 .debug_frame   0x00000898      0x1a8 FreeRTOS/Source/portable/GCC/ARM_CM4F/port.o
 .debug_frame   0x00000a40      0x108 FreeRTOS/Source/portable/MemMang/heap_4.o
 .debug_frame   0x00000b48      0x5b4 StdPeriph_Driver/src/stm32f4xx_flash.o
 .debug_frame   0x000010fc      0x83c StdPeriph_Driver/src/stm32f4xx_rcc.o
 .debug_frame   0x00001938       0x50 src/main.o
 .debug_frame   0x00001988       0x7c src/system_stm32f4xx.o
 .debug_frame   0x00001a04       0x2c c:/ac6/systemworkbench/plugins/fr.ac6.mcu.externaltools.arm-none.win32_1.13.2.201703061525/tools/compiler/bin/../lib/gcc/arm-none-eabi/5.4.1/../../../../arm-none-eabi/lib/armv7e-m/fpu\libc.a(lib_a-init.o)
 .debug_frame   0x00001a30       0x34 c:/ac6/systemworkbench/plugins/fr.ac6.mcu.externaltools.arm-none.win32_1.13.2.201703061525/tools/compiler/bin/../lib/gcc/arm-none-eabi/5.4.1/../../../../arm-none-eabi/lib/armv7e-m/fpu\libc.a(lib_a-memset.o)
 .debug_frame   0x00001a64       0x50 c:/ac6/systemworkbench/plugins/fr.ac6.mcu.externaltools.arm-none.win32_1.13.2.201703061525/tools/compiler/bin/../lib/gcc/arm-none-eabi/5.4.1/../../../../arm-none-eabi/lib/armv7e-m/fpu\libc.a(lib_a-__call_atexit.o)
 .debug_frame   0x00001ab4       0x20 c:/ac6/systemworkbench/plugins/fr.ac6.mcu.externaltools.arm-none.win32_1.13.2.201703061525/tools/compiler/bin/../lib/gcc/arm-none-eabi/5.4.1/../../../../arm-none-eabi/lib/armv7e-m/fpu\libc.a(lib_a-atexit.o)
 .debug_frame   0x00001ad4       0x34 c:/ac6/systemworkbench/plugins/fr.ac6.mcu.externaltools.arm-none.win32_1.13.2.201703061525/tools/compiler/bin/../lib/gcc/arm-none-eabi/5.4.1/../../../../arm-none-eabi/lib/armv7e-m/fpu\libc.a(lib_a-fini.o)
 .debug_frame   0x00001b08       0x34 c:/ac6/systemworkbench/plugins/fr.ac6.mcu.externaltools.arm-none.win32_1.13.2.201703061525/tools/compiler/bin/../lib/gcc/arm-none-eabi/5.4.1/../../../../arm-none-eabi/lib/armv7e-m/fpu\libc.a(lib_a-__atexit.o)
